C:\Users\prora\OneDrive\Documents\GitHub\hugo-translator\scripts\quality\tm_surgical_cleanup.py:382: UserWarning: L2PersistentTM: sibling LMDB directory found alongside canonical 'l2.lmdb': l2_lmdb. This indicates split writes. Run scripts/tm/migrate_l2_lmdb.py to consolidate.
  tm = L2PersistentTM(db_path=tm_path)
TC-TM-02: sibling L2 LMDB dir(s) detected: l2_lmdb (canonical: data\tm\l2.lmdb). Run scripts/tm/migrate_l2_lmdb.py --apply to consolidate.
TM path: data\tm\l2.lmdb
Mode: DRY-RUN
Max changes: 25000

Scanning L2 TM (site=products.aspose.org, locales=ALL)...
  [OVERWRITE] ar    | 'FAQs'                                     -> 'الأسئلة الشائعة' (identifier_translated)
  [OVERWRITE] ar    | 'SubMenu'                                  -> 'القائمة الفرعية' (identifier_translated)
  [OVERWRITE] ar    | 'Head'                                     -> 'العنوان' (identifier_translated)
  [OVERWRITE] ar    | 'Header'                                   -> 'الترويسة' (identifier_translated)
  [OVERWRITE] ar    | 'Support'                                  -> 'الدعم' (identifier_translated)
  [OVERWRITE] ar    | 'Content'                                  -> 'المحتوى' (identifier_translated)
  [OVERWRITE] bg    | 'FAQs'                                     -> 'ЧЗВ' (identifier_translated)
  [OVERWRITE] bg    | 'SubMenu'                                  -> 'Подменю' (identifier_translated)
  [OVERWRITE] bg    | 'Head'                                     -> 'Глава' (identifier_translated)
  [OVERWRITE] bg    | 'Header'                                   -> 'Заглавка' (identifier_translated)
  [OVERWRITE] bg    | 'Support'                                  -> 'Поддръжка' (identifier_translated)
  [OVERWRITE] bg    | 'Content'                                  -> 'съдържание' (identifier_translated)
  [OVERWRITE] ca    | 'Overview'                                 -> 'Visió general' (identifier_translated)
  [OVERWRITE] ca    | 'FAQs'                                     -> 'Preguntes freqüents' (identifier_translated)
  [OVERWRITE] ca    | 'SubMenu'                                  -> 'Submenú' (identifier_translated)
  [OVERWRITE] ca    | 'Head'                                     -> 'Capçalera' (identifier_translated)
  [OVERWRITE] ca    | 'Header'                                   -> 'Capçalera' (identifier_translated)
  [OVERWRITE] ca    | 'Support'                                  -> 'Suport' (identifier_translated)
  [OVERWRITE] ca    | 'Content'                                  -> 'Contingut' (identifier_translated)
  [OVERWRITE] cs    | 'Overview'                                 -> 'Přehled' (identifier_translated)
  [OVERWRITE] cs    | 'FAQs'                                     -> 'Často kladené otázky' (identifier_translated)
  [OVERWRITE] cs    | 'SubMenu'                                  -> 'Podmenu' (identifier_translated)
  [OVERWRITE] cs    | 'Head'                                     -> 'Hlavička' (identifier_translated)
  [OVERWRITE] cs    | 'Header'                                   -> 'Záhlaví' (identifier_translated)
  [OVERWRITE] cs    | 'Support'                                  -> 'Podpora' (identifier_translated)
  [OVERWRITE] cs    | 'Content'                                  -> 'obsah' (identifier_translated)
  [OVERWRITE] da    | 'Overview'                                 -> 'Oversigt' (identifier_translated)
  [OVERWRITE] da    | 'FAQs'                                     -> 'FAQ' (identifier_translated)
  [OVERWRITE] da    | 'Content'                                  -> 'indhold' (identifier_translated)
  [OVERWRITE] de    | 'Overview'                                 -> 'Übersicht' (identifier_translated)
  [OVERWRITE] de    | 'FAQs'                                     -> 'FAQ' (identifier_translated)
  [OVERWRITE] de    | 'Header'                                   -> 'Überschrift' (identifier_translated)
  [OVERWRITE] de    | 'Content'                                  -> 'Inhalt' (identifier_translated)
  [OVERWRITE] el    | 'FAQs'                                     -> 'Συχνές ερωτήσεις (FAQs)' (identifier_translated)
  [OVERWRITE] el    | 'SubMenu'                                  -> 'Υπομενού' (identifier_translated)
  [OVERWRITE] el    | 'Head'                                     -> 'Κεφαλίδα' (identifier_translated)
  [OVERWRITE] el    | 'Header'                                   -> 'ΚΕΦΑΛΙΔΑ' (identifier_translated)
  [OVERWRITE] el    | 'Support'                                  -> 'Υποστήριξη' (identifier_translated)
  [OVERWRITE] el    | 'Content'                                  -> 'Περιεχόμενο' (identifier_translated)
  [OVERWRITE] es    | 'Overview'                                 -> 'Visión general' (identifier_translated)
  [OVERWRITE] es    | 'FAQs'                                     -> 'Preguntas frecuentes' (identifier_translated)
  [OVERWRITE] es    | 'SubMenu'                                  -> 'Submenú' (identifier_translated)
  [OVERWRITE] es    | 'Head'                                     -> 'Encabezado' (identifier_translated)
  [OVERWRITE] es    | 'Header'                                   -> 'Encabezado' (identifier_translated)
  [OVERWRITE] es    | 'Support'                                  -> 'Soporte' (identifier_translated)
  [OVERWRITE] es    | 'Content'                                  -> 'Contenido' (identifier_translated)
  [OVERWRITE] fa    | 'FAQs'                                     -> 'سوالات متداول' (identifier_translated)
  [OVERWRITE] fa    | 'SubMenu'                                  -> 'زیرمنو' (identifier_translated)
  [OVERWRITE] fa    | 'Head'                                     -> 'سر' (identifier_translated)
  [OVERWRITE] fa    | 'Header'                                   -> 'سرصفحه' (identifier_translated)
  [OVERWRITE] fa    | 'Support'                                  -> 'پشتیبانی' (identifier_translated)
  [OVERWRITE] fa    | 'Content'                                  -> 'محتوا' (identifier_translated)
  [OVERWRITE] fi    | 'Overview'                                 -> 'Yleiskatsaus' (identifier_translated)
  [OVERWRITE] fi    | 'SubMenu'                                  -> 'alivahvistus' (identifier_translated)
  [OVERWRITE] fi    | 'Head'                                     -> 'Pää' (identifier_translated)
  [OVERWRITE] fi    | 'Header'                                   -> 'Headerit' (identifier_translated)
  [OVERWRITE] fi    | 'Support'                                  -> 'tukea' (identifier_translated)
  [OVERWRITE] fi    | 'Content'                                  -> 'Sisältö' (identifier_translated)
  [OVERWRITE] fr    | 'Overview'                                 -> 'Surveillance' (identifier_translated)
  [OVERWRITE] fr    | 'SubMenu'                                  -> 'sous-marin' (identifier_translated)
  [OVERWRITE] fr    | 'Head'                                     -> 'tête' (identifier_translated)
  [OVERWRITE] fr    | 'Support'                                  -> 'Soutien' (identifier_translated)
  [OVERWRITE] fr    | 'Content'                                  -> 'contenu' (identifier_translated)
  [OVERWRITE] he    | 'SubMenu'                                  -> 'תת-מניין' (identifier_translated)
  [OVERWRITE] he    | 'Head'                                     -> 'ראש' (identifier_translated)
  [OVERWRITE] he    | 'Support'                                  -> 'תמיכה' (identifier_translated)
  [OVERWRITE] he    | 'Content'                                  -> 'תוכן' (identifier_translated)
  [PATCH] hi    | 'content: enable: true block: - title_lef' -> 'सामग्री: सक्षम: सच्चा ब्लॉक: - title_lef' (inline_code_span_translated)
  [OVERWRITE] hi    | 'FAQs'                                     -> 'FAQs के' (identifier_translated)
  [OVERWRITE] hi    | 'SubMenu'                                  -> 'उपमंडल' (identifier_translated)
  [OVERWRITE] hi    | 'Head'                                     -> 'सिर' (identifier_translated)
  [OVERWRITE] hi    | 'Header'                                   -> 'हेड' (identifier_translated)
  [OVERWRITE] hi    | 'Support'                                  -> 'समर्थन' (identifier_translated)
  [OVERWRITE] hi    | 'Content'                                  -> 'सामग्री' (identifier_translated)
  [OVERWRITE] hr    | 'Overview'                                 -> 'Pregled' (identifier_translated)
  [OVERWRITE] hr    | 'SubMenu'                                  -> 'Podmjenik' (identifier_translated)
  [OVERWRITE] hr    | 'Head'                                     -> 'glava' (identifier_translated)
  [OVERWRITE] hr    | 'Support'                                  -> 'Potpora' (identifier_translated)
  [OVERWRITE] hr    | 'Content'                                  -> 'sadržaj' (identifier_translated)
  [OVERWRITE] hu    | 'Overview'                                 -> 'Áttekintés' (identifier_translated)
  [OVERWRITE] hu    | 'FAQs'                                     -> 'FAQS' (identifier_translated)
  [OVERWRITE] hu    | 'SubMenu'                                  -> 'alárendeltség' (identifier_translated)
  [OVERWRITE] hu    | 'Head'                                     -> 'fej' (identifier_translated)
  [OVERWRITE] hu    | 'Support'                                  -> 'támogatás' (identifier_translated)
  [OVERWRITE] hu    | 'Content'                                  -> 'Tartalom' (identifier_translated)
  [OVERWRITE] id    | 'Overview'                                 -> 'Pengamatan' (identifier_translated)
  [OVERWRITE] id    | 'SubMenu'                                  -> 'Submenyebut' (identifier_translated)
  [OVERWRITE] id    | 'Head'                                     -> 'Kepala' (identifier_translated)
  [OVERWRITE] id    | 'Support'                                  -> 'Dukungan' (identifier_translated)
  [OVERWRITE] id    | 'Content'                                  -> 'Konten' (identifier_translated)
  [OVERWRITE] it    | 'Overview'                                 -> 'Panoramica' (identifier_translated)
  [OVERWRITE] it    | 'SubMenu'                                  -> 'Sottomani' (identifier_translated)
  [OVERWRITE] it    | 'Head'                                     -> 'Capo' (identifier_translated)
  [OVERWRITE] it    | 'Support'                                  -> 'Supporto' (identifier_translated)
  [OVERWRITE] it    | 'Content'                                  -> 'Contenuti' (identifier_translated)
  [OVERWRITE] ja    | 'SubMenu'                                  -> 'サブメニュー' (identifier_translated)
  [OVERWRITE] ja    | 'Head'                                     -> '頭部' (identifier_translated)
  [OVERWRITE] ja    | 'Header'                                   -> 'ヘッド' (identifier_translated)
  [OVERWRITE] ja    | 'Support'                                  -> 'サポート' (identifier_translated)
  [OVERWRITE] ja    | 'Content'                                  -> 'コンテンツ' (identifier_translated)
  [PATCH] ko    | 'content: enable: true block: - title_lef' -> '내용: 사용: 진짜 블록: - title_left: "3D 형식 지원 및' (inline_code_span_translated)
  [OVERWRITE] ko    | 'FAQs'                                     -> 'FAQ' (identifier_translated)
  [OVERWRITE] ko    | 'Head'                                     -> '머리' (identifier_translated)
  [OVERWRITE] ko    | 'Header'                                   -> '헤더' (identifier_translated)
  [OVERWRITE] ko    | 'Support'                                  -> '지원' (identifier_translated)
  [OVERWRITE] ko    | 'Content'                                  -> '컨텐츠' (identifier_translated)
  [OVERWRITE] lt    | 'Overview'                                 -> 'Apžvalga' (identifier_translated)
  [OVERWRITE] lt    | 'SubMenu'                                  -> 'Submenų' (identifier_translated)
  [OVERWRITE] lt    | 'Head'                                     -> 'galva' (identifier_translated)
  [OVERWRITE] lt    | 'Support'                                  -> 'Parama' (identifier_translated)
  [OVERWRITE] lt    | 'Content'                                  -> 'turinio' (identifier_translated)
  [OVERWRITE] lv    | 'Overview'                                 -> 'Pārskats' (identifier_translated)
  [OVERWRITE] lv    | 'SubMenu'                                  -> 'Submena' (identifier_translated)
  [OVERWRITE] lv    | 'Head'                                     -> 'Galva' (identifier_translated)
  [OVERWRITE] lv    | 'Support'                                  -> 'Atbalsts' (identifier_translated)
  [OVERWRITE] lv    | 'Content'                                  -> 'saturs' (identifier_translated)
  [OVERWRITE] ms    | 'Overview'                                 -> 'Gambaran keseluruhan' (identifier_translated)
  [OVERWRITE] ms    | 'SubMenu'                                  -> 'Submenyediakan' (identifier_translated)
  [OVERWRITE] ms    | 'Head'                                     -> 'kepala' (identifier_translated)
  [OVERWRITE] ms    | 'Support'                                  -> 'sokongan' (identifier_translated)
  [OVERWRITE] ms    | 'Content'                                  -> 'kandungan' (identifier_translated)
  [OVERWRITE] nl    | 'Overview'                                 -> 'Overzicht' (identifier_translated)
  [OVERWRITE] nl    | 'SubMenu'                                  -> 'Submenu' (identifier_translated)
  [OVERWRITE] nl    | 'Head'                                     -> 'Hoofd' (identifier_translated)
  [OVERWRITE] nl    | 'Support'                                  -> 'Ondersteuning' (identifier_translated)
  [OVERWRITE] no    | 'Overview'                                 -> 'Overblikk' (identifier_translated)
  [OVERWRITE] no    | 'SubMenu'                                  -> 'Undermeny' (identifier_translated)
  [OVERWRITE] no    | 'Head'                                     -> 'hodet' (identifier_translated)
  [OVERWRITE] no    | 'Support'                                  -> 'Støtte' (identifier_translated)
  [OVERWRITE] no    | 'Content'                                  -> 'Innhold' (identifier_translated)
  [OVERWRITE] pl    | 'Overview'                                 -> 'Przegląd' (identifier_translated)
  [OVERWRITE] pl    | 'SubMenu'                                  -> 'Podmiennik' (identifier_translated)
  [OVERWRITE] pl    | 'Head'                                     -> 'Głowa' (identifier_translated)
  [OVERWRITE] pl    | 'Support'                                  -> 'Wsparcie' (identifier_translated)
  [OVERWRITE] pl    | 'Content'                                  -> 'zawartość' (identifier_translated)
  [OVERWRITE] pt    | 'Overview'                                 -> 'Visão geral' (identifier_translated)
  [OVERWRITE] pt    | 'SubMenu'                                  -> 'Submundo' (identifier_translated)
  [OVERWRITE] pt    | 'Head'                                     -> 'Cabeça' (identifier_translated)
  [OVERWRITE] pt    | 'Support'                                  -> 'Apoio' (identifier_translated)
  [OVERWRITE] pt    | 'Content'                                  -> 'Conteúdo' (identifier_translated)
  [OVERWRITE] ro    | 'Overview'                                 -> 'Prezentare generală' (identifier_translated)
  [OVERWRITE] ro    | 'SubMenu'                                  -> 'Submeniu' (identifier_translated)
  [OVERWRITE] ro    | 'Head'                                     -> 'capului' (identifier_translated)
  [OVERWRITE] ro    | 'Support'                                  -> 'sprijin' (identifier_translated)
  [OVERWRITE] ro    | 'Content'                                  -> 'Conținutul' (identifier_translated)
  [PATCH] ru    | 'content: enable: true block: - title_lef' -> 'содержание: включить: истинный блок: - t' (inline_code_span_translated)
  [OVERWRITE] ru    | 'SubMenu'                                  -> 'Подменю' (identifier_translated)
  [OVERWRITE] ru    | 'Head'                                     -> 'Голова' (identifier_translated)
  [OVERWRITE] ru    | 'Support'                                  -> 'Поддержка' (identifier_translated)
  [OVERWRITE] ru    | 'Content'                                  -> 'контент' (identifier_translated)
  [OVERWRITE] sk    | 'Overview'                                 -> 'Prehľad' (identifier_translated)
  [OVERWRITE] sk    | 'SubMenu'                                  -> 'Podmeny' (identifier_translated)
  [OVERWRITE] sk    | 'Head'                                     -> 'hlavy' (identifier_translated)
  [OVERWRITE] sk    | 'Header'                                   -> 'header' (identifier_translated)
  [OVERWRITE] sk    | 'Support'                                  -> 'Podpora' (identifier_translated)
  [OVERWRITE] sk    | 'Content'                                  -> 'obsah' (identifier_translated)
  [PATCH] sr    | 'content: enable: true block: - title_lef' -> 'садржај: омогући: истински блок: - title' (inline_code_span_translated)
  [OVERWRITE] sr    | 'Overview'                                 -> 'Преглед' (identifier_translated)
  [OVERWRITE] sr    | 'FAQs'                                     -> 'Факс' (identifier_translated)
  [OVERWRITE] sr    | 'SubMenu'                                  -> 'Подмен' (identifier_translated)
  [OVERWRITE] sr    | 'Head'                                     -> 'Глава' (identifier_translated)
  [OVERWRITE] sr    | 'Header'                                   -> 'хејдер' (identifier_translated)
  [OVERWRITE] sr    | 'Support'                                  -> 'подршке' (identifier_translated)
  [OVERWRITE] sr    | 'Content'                                  -> 'контент' (identifier_translated)
  [OVERWRITE] sv    | 'Overview'                                 -> 'Översikt' (identifier_translated)
  [OVERWRITE] sv    | 'SubMenu'                                  -> 'Undermenyn' (identifier_translated)
  [OVERWRITE] sv    | 'Head'                                     -> 'Huvud' (identifier_translated)
  [OVERWRITE] sv    | 'Support'                                  -> 'Stöd' (identifier_translated)
  [OVERWRITE] sv    | 'Content'                                  -> 'innehåll' (identifier_translated)
  [OVERWRITE] th    | 'FAQs'                                     -> 'แพ็คเกจ' (identifier_translated)
  [OVERWRITE] th    | 'SubMenu'                                  -> 'ภาษาไทย' (identifier_translated)
  [OVERWRITE] th    | 'Head'                                     -> 'หัว' (identifier_translated)
  [PATCH] th    | 'single: enable: true block: - title: "Cr' -> 'หนึ่ง: เปิดใช้งาน: บล็อกที่แท้จริง: - ชื' (inline_code_span_translated)
  [OVERWRITE] th    | 'Header'                                   -> 'หัวหน้า' (identifier_translated)
  [OVERWRITE] th    | 'Support'                                  -> 'การสนับสนุน' (identifier_translated)
  [OVERWRITE] th    | 'Content'                                  -> 'เนื้อหา' (identifier_translated)
  [PATCH] th    | 'Aspose.Slides FOSS for Java is a MIT-lic' -> 'Aspose.Slides FOSS สำหรับ Java เป็นไลบรา' (inline_code_span_translated)
  [OVERWRITE] tr    | 'Overview'                                 -> 'Genel Bakış' (identifier_translated)
  [OVERWRITE] tr    | 'FAQs'                                     -> 'FAQS Hakkında' (identifier_translated)
  [OVERWRITE] tr    | 'SubMenu'                                  -> 'Alt Menü' (identifier_translated)
  [OVERWRITE] tr    | 'Head'                                     -> 'Başlık' (identifier_translated)
  [OVERWRITE] tr    | 'Header'                                   -> 'header için' (identifier_translated)
  [OVERWRITE] tr    | 'Support'                                  -> 'Destek' (identifier_translated)
  [OVERWRITE] tr    | 'Content'                                  -> 'İçerik' (identifier_translated)
  [PATCH] uk    | 'content: enable: true block: - title_lef' -> 'вміст: увімкніть: справжній блок: - titl' (inline_code_span_translated)
  [OVERWRITE] uk    | 'FAQs'                                     -> 'FAQ' (identifier_translated)
  [OVERWRITE] uk    | 'SubMenu'                                  -> 'Підменю' (identifier_translated)
  [OVERWRITE] uk    | 'Head'                                     -> 'Голова' (identifier_translated)
  [OVERWRITE] uk    | 'Support'                                  -> 'Підтримка' (identifier_translated)
  [OVERWRITE] uk    | 'Content'                                  -> 'контент' (identifier_translated)

============================================================
SUMMARY
============================================================
Entries scanned:          49,786
Clean entries:            49,596
Corrupt entries found:       190
  identifier_translated:     183
  artifact_in_translation:     0
  heading_term_corrupted:      0
  heading_untranslated_passthrough:   0
  inline_code_span_translated:       7
Planned overwrites:          183
Planned deletes:               0
Planned i18n corrections:      0
Planned inline-code patches:   7

DRY-RUN complete. Run with --apply to fix entries.
